Functions.c:61:6:convert_stateuint_to_statechar	20	static
Functions.c:72:6:convert_statebool_to_statechar	16	static
Functions.c:82:6:print_state	24	static
Functions.c:88:6:prepare_round_cons	40	static
Functions.c:98:6:prepare_round_keys	408	static
Functions.c:117:6:AK	8	static
Functions.c:122:6:AC	8	static
Functions.c:127:6:SB	0	static
Functions.c:132:6:SBI	0	static
Functions.c:137:6:MC	72	static
Functions.c:151:6:MCI	112	static
Functions.c:165:6:SC	216	static
Functions.c:180:6:SCI	208	static
Functions.c:195:6:Encrypt	48	static
Functions.c:268:6:init_buffer	0	static
Functions.c:274:6:print_state2	8	static
Functions.c:230:6:Decrypt	88	static
Functions.c:320:6:asmSB	0	static
